// Jest Snapshot v1, https://goo.gl/fbAQLP

exports[`snapshots renders correclty 1`] = `
<div>
  this is class Test
  <div>
    Is menu visible: 
    <strong>
      no
    </strong>
  </div>
</div>
`;
