// Jest Snapshot v1, https://goo.gl/fbAQLP

exports[`snapshots renders correclty 1`] = `
<div>
  An empty react app
  <br />
  webpack + babel
  <Connect(Component1) />
  <button
    onClick={[MockFunction]}
  >
    Show/Hide menu
  </button>
</div>
`;
